// Jest Snapshot v1, https://goo.gl/fbAQLP

exports[`RegisterUserForm Component Test Renders with correct default values from redux store 1`] = `
<div>
  <form
    data-testid="register-user-form"
  >
    <input
      data-testid="register-user-form-email"
      name="email"
      placeholder="Email"
      required=""
      type="email"
      value=""
    />
    <input
      data-testid="register-user-form-password"
      name="password"
      placeholder="Password"
      required=""
      type="password"
      value=""
    />
    <button
      type="submit"
    >
      Create Account
    </button>
  </form>
</div>
`;
